
> frontend@0.1.0 test
> react-scripts test

  console.log
    HandleFacebookSuccess Called with: { accessToken: 'testFacebookAccessToken' }

      at handleFacebookSuccess (src/App.js:37:11)

  console.log
    Facebook Access Token Received: testFacebookAccessToken

      at handleFacebookSuccess (src/App.js:43:11)

  console.log
    API Response Data: { access: 'testJwtaccessToken', refresh: 'testRefreshToken' }

      at src/App.js:53:15

  console.error
    Error decoding token: TypeError: Cannot read properties of undefined (reading 'username')
        at C:\University\ECE651\BuddyUp\frontend\src\App.js:64:30
        at processTicksAndRejections (node:internal/process/task_queues:105:5)

    [0m [90m 74 |[39m         })[33m;[39m
     [90m 75 |[39m       } [36mcatch[39m (err) {
    [31m[1m>[22m[39m[90m 76 |[39m         console[33m.[39merror([32m"Error decoding token:"[39m[33m,[39m err)[33m;[39m
     [90m    |[39m                 [31m[1m^[22m[39m
     [90m 77 |[39m       }
     [90m 78 |[39m       [36mif[39m (window[33m.[39mlocation[33m.[39mpathname[33m.[39mstartsWith([32m"/events/"[39m)) {
     [90m 79 |[39m         navigate(window[33m.[39mlocation[33m.[39mpathname[33m,[39m { replace[33m:[39m [36mtrue[39m })[33m;[39m[0m

      at src/App.js:76:17

node.exe : (node:16568) [DEP0040] DeprecationWarning: The 
`punycode` module is deprecated. Please use a userland alternative 
instead.
At C:\Program Files\nodejs\npm.ps1:29 char:3
+   & $NODE_EXE $NPM_CLI_JS $args
+   ~~~~~~~~~~~~~~~~~~~~~~~~~~~~~
    + CategoryInfo          : NotSpecified: ((node:16568) [D...nati 
   ve instead.:String) [], RemoteException
    + FullyQualifiedErrorId : NativeCommandError
 
(Use `node --trace-deprecation ...` to show where the warning was 
created)
  console.log
    HandleFacebookSuccess Called with: { accessToken: 'invalidToken' }

      at handleFacebookSuccess (src/App.js:37:11)

  console.log
    Facebook Access Token Received: invalidToken

      at handleFacebookSuccess (src/App.js:43:11)

  console.log
    API Response Data: { detail: 'Invalid token' }

      at src/App.js:53:15

  console.error
    Error decoding stored token: TypeError: Cannot read properties of undefined (reading 'user_id')
        at C:\University\ECE651\BuddyUp\frontend\src\AuthContext.js:19:27
        at Object.react-stack-bottom-frame (C:\University\ECE651\BuddyUp\frontend\node_modules\react-dom\cjs\react-dom-client.development.js:22509:20)
        at runWithFiberInDEV (C:\University\ECE651\BuddyUp\frontend\node_modules\react-dom\cjs\react-dom-client.development.js:543:16)
        at commitHookEffectListMount (C:\University\ECE651\BuddyUp\frontend\node_modules\react-dom\cjs\react-dom-client.development.js:10758:29)
        at commitHookPassiveMountEffects (C:\University\ECE651\BuddyUp\frontend\node_modules\react-dom\cjs\react-dom-client.development.js:10880:11)
        at commitPassiveMountOnFiber (C:\University\ECE651\BuddyUp\frontend\node_modules\react-dom\cjs\react-dom-client.development.js:12653:13)
        at recursivelyTraversePassiveMountEffects (C:\University\ECE651\BuddyUp\frontend\node_modules\react-dom\cjs\react-dom-client.development.js:12627:11)
        at commitPassiveMountOnFiber (C:\University\ECE651\BuddyUp\frontend\node_modules\react-dom\cjs\react-dom-client.development.js:12646:11)
        at recursivelyTraversePassiveMountEffects (C:\University\ECE651\BuddyUp\frontend\node_modules\react-dom\cjs\react-dom-client.development.js:12627:11)
        at commitPassiveMountOnFiber (C:\University\ECE651\BuddyUp\frontend\node_modules\react-dom\cjs\react-dom-client.development.js:12755:11)
        at recursivelyTraversePassiveMountEffects (C:\University\ECE651\BuddyUp\frontend\node_modules\react-dom\cjs\react-dom-client.development.js:12627:11)
        at commitPassiveMountOnFiber (C:\University\ECE651\BuddyUp\frontend\node_modules\react-dom\cjs\react-dom-client.development.js:12646:11)
        at recursivelyTraversePassiveMountEffects (C:\University\ECE651\BuddyUp\frontend\node_modules\react-dom\cjs\react-dom-client.development.js:12627:11)
        at commitPassiveMountOnFiber (C:\University\ECE651\BuddyUp\frontend\node_modules\react-dom\cjs\react-dom-client.development.js:12755:11)
        at recursivelyTraversePassiveMountEffects (C:\University\ECE651\BuddyUp\frontend\node_modules\react-dom\cjs\react-dom-client.development.js:12627:11)
        at commitPassiveMountOnFiber (C:\University\ECE651\BuddyUp\frontend\node_modules\react-dom\cjs\react-dom-client.development.js:12646:11)
        at recursivelyTraversePassiveMountEffects (C:\University\ECE651\BuddyUp\frontend\node_modules\react-dom\cjs\react-dom-client.development.js:12627:11)
        at commitPassiveMountOnFiber (C:\University\ECE651\BuddyUp\frontend\node_modules\react-dom\cjs\react-dom-client.development.js:12755:11)
        at recursivelyTraversePassiveMountEffects (C:\University\ECE651\BuddyUp\frontend\node_modules\react-dom\cjs\react-dom-client.development.js:12627:11)
        at commitPassiveMountOnFiber (C:\University\ECE651\BuddyUp\frontend\node_modules\react-dom\cjs\react-dom-client.development.js:12755:11)
        at recursivelyTraversePassiveMountEffects (C:\University\ECE651\BuddyUp\frontend\node_modules\react-dom\cjs\react-dom-client.development.js:12627:11)
        at commitPassiveMountOnFiber (C:\University\ECE651\BuddyUp\frontend\node_modules\react-dom\cjs\react-dom-client.development.js:12646:11)
        at recursivelyTraversePassiveMountEffects (C:\University\ECE651\BuddyUp\frontend\node_modules\react-dom\cjs\react-dom-client.development.js:12627:11)
        at commitPassiveMountOnFiber (C:\University\ECE651\BuddyUp\frontend\node_modules\react-dom\cjs\react-dom-client.development.js:12646:11)
        at recursivelyTraversePassiveMountEffects (C:\University\ECE651\BuddyUp\frontend\node_modules\react-dom\cjs\react-dom-client.development.js:12627:11)
        at commitPassiveMountOnFiber (C:\University\ECE651\BuddyUp\frontend\node_modules\react-dom\cjs\react-dom-client.development.js:12657:11)
        at flushPassiveEffects (C:\University\ECE651\BuddyUp\frontend\node_modules\react-dom\cjs\react-dom-client.development.js:15460:13)
        at C:\University\ECE651\BuddyUp\frontend\node_modules\react-dom\cjs\react-dom-client.development.js:15324:11
        at flushActQueue (C:\University\ECE651\BuddyUp\frontend\node_modules\react\cjs\react.development.js:862:34)
        at C:\University\ECE651\BuddyUp\frontend\node_modules\react\cjs\react.development.js:1114:21

    [0m [90m 23 |[39m         })[33m;[39m
     [90m 24 |[39m       } [36mcatch[39m (err) {
    [31m[1m>[22m[39m[90m 25 |[39m         console[33m.[39merror([32m"Error decoding stored token:"[39m[33m,[39m err)[33m;[39m
     [90m    |[39m                 [31m[1m^[22m[39m
     [90m 26 |[39m       }
     [90m 27 |[39m     }
     [90m 28 |[39m   }[33m,[39m [])[33m;[39m[0m

      at src/AuthContext.js:25:17
      at Object.react-stack-bottom-frame (node_modules/react-dom/cjs/react-dom-client.development.js:22509:20)
      at runWithFiberInDEV (node_modules/react-dom/cjs/react-dom-client.development.js:543:16)
      at commitHookEffectListMount (node_modules/react-dom/cjs/react-dom-client.development.js:10758:29)
      at commitHookPassiveMountEffects (node_modules/react-dom/cjs/react-dom-client.development.js:10880:11)
      at commitPassiveMountOnFiber (node_modules/react-dom/cjs/react-dom-client.development.js:12653:13)
      at recursivelyTraversePassiveMountEffects (node_modules/react-dom/cjs/react-dom-client.development.js:12627:11)
      at commitPassiveMountOnFiber (node_modules/react-dom/cjs/react-dom-client.development.js:12646:11)
      at recursivelyTraversePassiveMountEffects (node_modules/react-dom/cjs/react-dom-client.development.js:12627:11)
      at commitPassiveMountOnFiber (node_modules/react-dom/cjs/react-dom-client.development.js:12755:11)
      at recursivelyTraversePassiveMountEffects (node_modules/react-dom/cjs/react-dom-client.development.js:12627:11)
      at commitPassiveMountOnFiber (node_modules/react-dom/cjs/react-dom-client.development.js:12646:11)
      at recursivelyTraversePassiveMountEffects (node_modules/react-dom/cjs/react-dom-client.development.js:12627:11)
      at commitPassiveMountOnFiber (node_modules/react-dom/cjs/react-dom-client.development.js:12755:11)
      at recursivelyTraversePassiveMountEffects (node_modules/react-dom/cjs/react-dom-client.development.js:12627:11)
      at commitPassiveMountOnFiber (node_modules/react-dom/cjs/react-dom-client.development.js:12646:11)
      at recursivelyTraversePassiveMountEffects (node_modules/react-dom/cjs/react-dom-client.development.js:12627:11)
      at commitPassiveMountOnFiber (node_modules/react-dom/cjs/react-dom-client.development.js:12755:11)
      at recursivelyTraversePassiveMountEffects (node_modules/react-dom/cjs/react-dom-client.development.js:12627:11)
      at commitPassiveMountOnFiber (node_modules/react-dom/cjs/react-dom-client.development.js:12755:11)
      at recursivelyTraversePassiveMountEffects (node_modules/react-dom/cjs/react-dom-client.development.js:12627:11)
      at commitPassiveMountOnFiber (node_modules/react-dom/cjs/react-dom-client.development.js:12646:11)
      at recursivelyTraversePassiveMountEffects (node_modules/react-dom/cjs/react-dom-client.development.js:12627:11)
      at commitPassiveMountOnFiber (node_modules/react-dom/cjs/react-dom-client.development.js:12646:11)
      at recursivelyTraversePassiveMountEffects (node_modules/react-dom/cjs/react-dom-client.development.js:12627:11)
      at commitPassiveMountOnFiber (node_modules/react-dom/cjs/react-dom-client.development.js:12657:11)
      at flushPassiveEffects (node_modules/react-dom/cjs/react-dom-client.development.js:15460:13)
      at node_modules/react-dom/cjs/react-dom-client.development.js:15324:11
      at flushActQueue (node_modules/react/cjs/react.development.js:862:34)
      at node_modules/react/cjs/react.development.js:1114:21

  console.error
    Error decoding stored token: TypeError: Cannot read properties of undefined (reading 'user_id')
        at C:\University\ECE651\BuddyUp\frontend\src\AuthContext.js:19:27
        at Object.react-stack-bottom-frame (C:\University\ECE651\BuddyUp\frontend\node_modules\react-dom\cjs\react-dom-client.development.js:22509:20)
        at runWithFiberInDEV (C:\University\ECE651\BuddyUp\frontend\node_modules\react-dom\cjs\react-dom-client.development.js:543:16)
        at commitHookEffectListMount (C:\University\ECE651\BuddyUp\frontend\node_modules\react-dom\cjs\react-dom-client.development.js:10758:29)
        at commitHookPassiveMountEffects (C:\University\ECE651\BuddyUp\frontend\node_modules\react-dom\cjs\react-dom-client.development.js:10880:11)
        at commitPassiveMountOnFiber (C:\University\ECE651\BuddyUp\frontend\node_modules\react-dom\cjs\react-dom-client.development.js:12653:13)
        at recursivelyTraversePassiveMountEffects (C:\University\ECE651\BuddyUp\frontend\node_modules\react-dom\cjs\react-dom-client.development.js:12627:11)
        at commitPassiveMountOnFiber (C:\University\ECE651\BuddyUp\frontend\node_modules\react-dom\cjs\react-dom-client.development.js:12755:11)
        at recursivelyTraversePassiveMountEffects (C:\University\ECE651\BuddyUp\frontend\node_modules\react-dom\cjs\react-dom-client.development.js:12627:11)
        at commitPassiveMountOnFiber (C:\University\ECE651\BuddyUp\frontend\node_modules\react-dom\cjs\react-dom-client.development.js:12755:11)
        at recursivelyTraversePassiveMountEffects (C:\University\ECE651\BuddyUp\frontend\node_modules\react-dom\cjs\react-dom-client.development.js:12627:11)
        at commitPassiveMountOnFiber (C:\University\ECE651\BuddyUp\frontend\node_modules\react-dom\cjs\react-dom-client.development.js:12646:11)
        at recursivelyTraversePassiveMountEffects (C:\University\ECE651\BuddyUp\frontend\node_modules\react-dom\cjs\react-dom-client.development.js:12627:11)
        at commitPassiveMountOnFiber (C:\University\ECE651\BuddyUp\frontend\node_modules\react-dom\cjs\react-dom-client.development.js:12646:11)
        at recursivelyTraversePassiveMountEffects (C:\University\ECE651\BuddyUp\frontend\node_modules\react-dom\cjs\react-dom-client.development.js:12627:11)
        at commitPassiveMountOnFiber (C:\University\ECE651\BuddyUp\frontend\node_modules\react-dom\cjs\react-dom-client.development.js:12657:11)
        at flushPassiveEffects (C:\University\ECE651\BuddyUp\frontend\node_modules\react-dom\cjs\react-dom-client.development.js:15460:13)
        at C:\University\ECE651\BuddyUp\frontend\node_modules\react-dom\cjs\react-dom-client.development.js:15324:11
        at flushActQueue (C:\University\ECE651\BuddyUp\frontend\node_modules\react\cjs\react.development.js:862:34)
        at C:\University\ECE651\BuddyUp\frontend\node_modules\react\cjs\react.development.js:1114:21

    [0m [90m 23 |[39m         })[33m;[39m
     [90m 24 |[39m       } [36mcatch[39m (err) {
    [31m[1m>[22m[39m[90m 25 |[39m         console[33m.[39merror([32m"Error decoding stored token:"[39m[33m,[39m err)[33m;[39m
     [90m    |[39m                 [31m[1m^[22m[39m
     [90m 26 |[39m       }
     [90m 27 |[39m     }
     [90m 28 |[39m   }[33m,[39m [])[33m;[39m[0m

      at src/AuthContext.js:25:17
      at Object.react-stack-bottom-frame (node_modules/react-dom/cjs/react-dom-client.development.js:22509:20)
      at runWithFiberInDEV (node_modules/react-dom/cjs/react-dom-client.development.js:543:16)
      at commitHookEffectListMount (node_modules/react-dom/cjs/react-dom-client.development.js:10758:29)
      at commitHookPassiveMountEffects (node_modules/react-dom/cjs/react-dom-client.development.js:10880:11)
      at commitPassiveMountOnFiber (node_modules/react-dom/cjs/react-dom-client.development.js:12653:13)
      at recursivelyTraversePassiveMountEffects (node_modules/react-dom/cjs/react-dom-client.development.js:12627:11)
      at commitPassiveMountOnFiber (node_modules/react-dom/cjs/react-dom-client.development.js:12755:11)
      at recursivelyTraversePassiveMountEffects (node_modules/react-dom/cjs/react-dom-client.development.js:12627:11)
      at commitPassiveMountOnFiber (node_modules/react-dom/cjs/react-dom-client.development.js:12755:11)
      at recursivelyTraversePassiveMountEffects (node_modules/react-dom/cjs/react-dom-client.development.js:12627:11)
      at commitPassiveMountOnFiber (node_modules/react-dom/cjs/react-dom-client.development.js:12646:11)
      at recursivelyTraversePassiveMountEffects (node_modules/react-dom/cjs/react-dom-client.development.js:12627:11)
      at commitPassiveMountOnFiber (node_modules/react-dom/cjs/react-dom-client.development.js:12646:11)
      at recursivelyTraversePassiveMountEffects (node_modules/react-dom/cjs/react-dom-client.development.js:12627:11)
      at commitPassiveMountOnFiber (node_modules/react-dom/cjs/react-dom-client.development.js:12657:11)
      at flushPassiveEffects (node_modules/react-dom/cjs/react-dom-client.development.js:15460:13)
      at node_modules/react-dom/cjs/react-dom-client.development.js:15324:11
      at flushActQueue (node_modules/react/cjs/react.development.js:862:34)
      at node_modules/react/cjs/react.development.js:1114:21

FAIL src/__tests__/App.test.js
  ΓêÜ inspect jwtDecode calls (1 ms)
  ├ù minimal jwtDecode test (5 ms)
  ΓêÜ MemoryRouter import test (1 ms)
  ΓêÜ EventProvider import test (1 ms)
  ΓêÜ jwtDecode import test (5 ms)
  ΓêÜ handleFacebookSuccess import test
  ΓêÜ SearchPage import test (1 ms)
  ΓêÜ App import test
  ΓêÜ Facebook API returns a token and backend exchanges it for JWT 
(83 ms)
  ΓêÜ handles Facebook API failure gracefully (13 ms)
  ΓêÜ decodes JWT token and sets userProfile correctly (177 ms)
  ΓêÜ renders login button when user is not signed in (31 ms)

  ΓùÅ minimal jwtDecode test

    expect(received).toEqual(expected) // deep equality

    Expected: {"avatar_url": "/avatar.png", "email": 
"farhan.hossein@gmail.com", "user_id": 1, "username": "Farhan 
Hossein"}
    Received: undefined

    [0m [90m 61 |[39m test([32m"minimal jwtDecode 
test"[39m[33m,[39m () [33m=>[39m {
     [90m 62 |[39m   [36mconst[39m result [33m=[39m 
jwtDecode([32m"testJwtaccessToken"[39m)[33m;[39m
    [31m[1m>[22m[39m[90m 63 |[39m   
expect(result)[33m.[39mtoEqual({
     [90m    |[39m                  [31m[1m^[22m[39m
     [90m 64 |[39m     username[33m:[39m [32m"Farhan 
Hossein"[39m[33m,[39m
     [90m 65 |[39m     email[33m:[39m 
[32m"farhan.hossein@gmail.com"[39m[33m,[39m
     [90m 66 |[39m     user_id[33m:[39m 
[35m1[39m[33m,[39m[0m

      at Object.<anonymous> (src/__tests__/App.test.js:63:18)

Test Suites: 1 failed, 1 total
Tests:       1 failed, 11 passed, 12 total
Snapshots:   0 total
Time:        5.334 s
Ran all test suites related to changed files.

A worker process has failed to exit gracefully and has been force 
exited. This is likely caused by tests leaking due to improper 
teardown. Try running with --detectOpenHandles to find leaks. 
Active timers can also cause this, ensure that .unref() was called 
on them.
Test Suites: 0 of 1 total
Tests:       0 total
Snapshots:   0 total
Time:        0.826 s, estimated 4 s
Test run was interrupted.


